# LEAN THEOREMS
LEAN CrystalTopos.lean the_one_law
LEAN CrystalTopos.lean chi_eq
LEAN CrystalTopos.lean beta0_eq
LEAN CrystalTopos.lean towerD_eq
LEAN CrystalTopos.lean sigmaD_eq
LEAN CrystalTopos.lean gauss_eq
LEAN CrystalTopos.lean d_weak_eq
LEAN CrystalTopos.lean d_colour_eq
LEAN CrystalTopos.lean d_mixed_eq
LEAN CrystalTopos.lean deg_sum
LEAN CrystalTopos.lean endo_sum
LEAN CrystalTopos.lean chi_gt_one
LEAN CrystalTopos.lean two_ndvd_three
LEAN CrystalTopos.lean three_ndvd_two
LEAN CrystalTopos.lean ngen
LEAN CrystalTopos.lean dw_correct
LEAN CrystalTopos.lean ward_col_num
LEAN CrystalTopos.lean binding_54
LEAN CrystalTopos.lean binding_53
LEAN CrystalTopos.lean vus_num
LEAN CrystalTopos.lean vus_den
LEAN CrystalTopos.lean vcb_num
LEAN CrystalTopos.lean vcb_den
LEAN CrystalTopos.lean sw_ms
LEAN CrystalTopos.lean koide
LEAN CrystalTopos.lean s23_num
LEAN CrystalTopos.lean s23_den
LEAN CrystalTopos.lean s13_den
LEAN CrystalTopos.lean jarl_num
LEAN CrystalTopos.lean jarl_den
LEAN CrystalTopos.lean dckm
LEAN CrystalTopos.lean immirzi_num
LEAN CrystalTopos.lean immirzi_den
LEAN CrystalTopos.lean ms_mud
LEAN CrystalTopos.lean mcs_num
LEAN CrystalTopos.lean mcs_reduced
LEAN CrystalTopos.lean mbs
LEAN CrystalTopos.lean mbc_num
LEAN CrystalTopos.lean mbc_den
LEAN CrystalTopos.lean mtb_raw
LEAN CrystalTopos.lean mtb_reduced
LEAN CrystalTopos.lean mud_num
LEAN CrystalTopos.lean mud_den
LEAN CrystalTopos.lean duality_sum
LEAN CrystalTopos.lean duality_54_9
LEAN CrystalTopos.lean duality_45_9
LEAN CrystalTopos.lean berry_num
LEAN CrystalTopos.lean berry_den
LEAN CrystalTopos.lean a_tree
LEAN CrystalTopos.lean pion_gauss
LEAN CrystalTopos.lean pion_chi
LEAN CrystalTopos.lean kaon_tree
LEAN CrystalTopos.lean kaon_nlo_factor
LEAN CrystalTopos.lean running
LEAN CrystalTopos.lean glueball_casimir_num
LEAN CrystalTopos.lean glueball_casimir_den
LEAN CrystalTopos.lean mz_num
LEAN CrystalTopos.lean mz_den
LEAN CrystalTopos.lean alpha_s_num
LEAN CrystalTopos.lean alpha_s_den
LEAN CrystalTopos.lean muon_electron
LEAN CrystalTopos.lean muon_factor
LEAN CrystalTopos.lean lambda_num
LEAN CrystalTopos.lean lambda_den
LEAN CrystalTopos.lean lambda_den_is_2chi_minus_1
LEAN CrystalTopos.lean nu3_corr_num
LEAN CrystalTopos.lean nu3_corr_den
LEAN CrystalTopos.lean nu2_corr_num
LEAN CrystalTopos.lean nu2_corr_den
LEAN CrystalTopos.lean b0_num
LEAN CrystalTopos.lean b0_beta
LEAN CrystalTopos.lean luscher
LEAN CrystalTopos.lean traced_79
LEAN CrystalTopos.lean osc_num
LEAN CrystalTopos.lean osc_den
LEAN CrystalTopos.lean kepler
LEAN CrystalTopos.lean spacetime
LEAN CrystalTopos.lean n_flavours
LEAN CrystalTopos.lean charm_run_num
LEAN CrystalTopos.lean charm_run_den
LEAN CrystalTopos.lean muon_layer
LEAN CrystalTopos.lean muon_corr_num
LEAN CrystalTopos.lean muon_corr_den
LEAN CrystalTopos.lean dark_photon
LEAN CrystalTopos.lean theta_star_den
LEAN CrystalTopos.lean theta_96_factor
LEAN CrystalTopos.lean omega_L_num
LEAN CrystalTopos.lean omega_total
LEAN CrystalTopos.lean omega_m_num
LEAN CrystalTopos.lean maxwell_gauss_e
LEAN CrystalTopos.lean maxwell_gauss_b
LEAN CrystalTopos.lean maxwell_faraday
LEAN CrystalTopos.lean maxwell_ampere
LEAN CrystalTopos.lean maxwell_total
LEAN CrystalTopos.lean speed_of_light
LEAN CrystalTopos.lean hilbert_dim
LEAN CrystalTopos.lean hamiltonian_levels
LEAN CrystalTopos.lean dirac_spinor
LEAN CrystalTopos.lean clifford_dim
LEAN CrystalTopos.lean kolmogorov_num
LEAN CrystalTopos.lean kolmogorov_den
LEAN CrystalTopos.lean inverse_square
LEAN CrystalTopos.lean spacetime_dim
LEAN CrystalTopos.lean muon_qcd_ratio
LEAN CrystalTopos.lean sectors_count
LEAN CrystalTopos.lean test_function_symmetry
LEAN CrystalTopos.lean trace_S_num
LEAN CrystalTopos.lean trace_S_den
LEAN CrystalTopos.lean trace_S2_num
LEAN CrystalTopos.lean trace_S2_den
LEAN CrystalTopos.lean trace_SInv
LEAN CrystalTopos.lean arima_AR
LEAN CrystalTopos.lean arima_AR_alt
LEAN CrystalTopos.lean arima_I
LEAN CrystalTopos.lean A1_zero
LEAN CrystalTopos.lean A1_dominant
LEAN CrystalTopos.lean smooth_4_scales
LEAN CrystalTopos.lean jpsi_gauss
LEAN CrystalTopos.lean jpsi_den
LEAN CrystalTopos.lean upsilon_factor
LEAN CrystalTopos.lean d_meson_factor
LEAN CrystalTopos.lean b_meson_factor
LEAN CrystalTopos.lean phi_den
LEAN CrystalTopos.lean omega_rho_factor
LEAN CrystalTopos.lean omega_sss_beta
LEAN CrystalTopos.lean omega_sss_den
LEAN CrystalTopos.lean gauss_times_beta0
LEAN CrystalTopos.lean beta0_times_chi_minus_1
LEAN CrystalTopos.lean nC_sq
LEAN CrystalTopos.lean nW_sq
LEAN CrystalTopos.lean nW_cubed
LEAN CrystalTopos.lean nW_fourth
LEAN CrystalTopos.lean gauss_sq
LEAN CrystalTopos.lean D_sq
LEAN CrystalTopos.lean gauss_minus_nW
LEAN CrystalTopos.lean gauss_minus_nC
LEAN CrystalTopos.lean D_minus_beta0
LEAN CrystalTopos.lean D_minus_gauss
LEAN CrystalTopos.lean gauss_sq_minus_D
LEAN CrystalTopos.lean gauss_sq_minus_nW
LEAN CrystalTopos.lean D_plus_gauss
LEAN CrystalTopos.lean D_plus_chi
LEAN CrystalTopos.lean gauss_plus_chi
LEAN CrystalTopos.lean gauss_plus_nW_sq
LEAN CrystalTopos.lean fermat3_val
LEAN CrystalTopos.lean two_to_2_nC
LEAN CrystalTopos.lean proton_num_val
LEAN CrystalTopos.lean proton_den_val
LEAN CrystalTopos.lean alpha_int
LEAN CrystalTopos.lean sin2w_num
LEAN CrystalTopos.lean sin2w_den
LEAN CrystalTopos.lean alphas_den
LEAN CrystalTopos.lean kaon_ratio_num
LEAN CrystalTopos.lean kaon_ratio_den
LEAN CrystalTopos.lean eta_coeff_num
LEAN CrystalTopos.lean eta_coeff_den
LEAN CrystalTopos.lean jpsi_coeff_num
LEAN CrystalTopos.lean jpsi_coeff_den
LEAN CrystalTopos.lean psi2s_num
LEAN CrystalTopos.lean upsilon2s_num
LEAN CrystalTopos.lean rho_ratio_num
LEAN CrystalTopos.lean rho_ratio_den
LEAN CrystalTopos.lean pion_split
LEAN CrystalTopos.lean xi_num
LEAN CrystalTopos.lean xi_den
LEAN CrystalTopos.lean sigma_c_num
LEAN CrystalTopos.lean omega_c_num
LEAN CrystalTopos.lean omega_c_den
LEAN CrystalTopos.lean omega_c_corr
LEAN CrystalTopos.lean waca_mud_num
LEAN CrystalTopos.lean waca_mud_den
LEAN CrystalTopos.lean mc_num
LEAN CrystalTopos.lean mc_den
LEAN CrystalTopos.lean mb_coeff
LEAN CrystalTopos.lean mt_num
LEAN CrystalTopos.lean mt_den
LEAN CrystalTopos.lean ms_num
LEAN CrystalTopos.lean ms_den
LEAN CrystalTopos.lean tau_coeff_num
LEAN CrystalTopos.lean tau_coeff_den
LEAN CrystalTopos.lean muon_electron_ratio
LEAN CrystalTopos.lean electron_denom
LEAN CrystalTopos.lean alpha_mz_int
LEAN CrystalTopos.lean cmb_num
LEAN CrystalTopos.lean cmb_den
LEAN CrystalTopos.lean neutron_lifetime
LEAN CrystalTopos.lean neutron_div
LEAN CrystalTopos.lean chandrasekhar_num
LEAN CrystalTopos.lean chandrasekhar_den
LEAN CrystalTopos.lean deuteron_coeff
LEAN CrystalTopos.lean he4_int
LEAN CrystalTopos.lean proton_moment_num
LEAN CrystalTopos.lean proton_moment_den
LEAN CrystalTopos.lean neutron_moment_den
LEAN CrystalTopos.lean phi_num
LEAN CrystalTopos.lean waca_phi_den
LEAN CrystalTopos.lean zeta3_num
LEAN CrystalTopos.lean zeta3_den
LEAN CrystalTopos.lean catalan_correction_num
LEAN CrystalTopos.lean catalan_correction_den
LEAN CrystalTopos.lean euler_corr_den
LEAN CrystalTopos.lean hierarchy_den
LEAN CrystalTopos.lean hierarchy_exp
LEAN CrystalTopos.lean sigma_factored
LEAN CrystalTopos.lean D_factored
LEAN CrystalTopos.lean not_div_2
LEAN CrystalTopos.lean not_div_3
LEAN CrystalTopos.lean not_div_5
LEAN CrystalTopos.lean not_div_7
LEAN CrystalTopos.lean not_div_11
LEAN CrystalTopos.lean total_catalogue
LEAN CrystalTopos.lean two_particle_is_algebra
LEAN CrystalTopos.lean symmetric_dim
LEAN CrystalTopos.lean antisymmetric_dim
LEAN CrystalTopos.lean fermion_is_su4
LEAN CrystalTopos.lean ppt_exact
LEAN CrystalTopos.lean sector_preserving
LEAN CrystalTopos.lean sector_mixing
LEAN CrystalTopos.lean total_gates
LEAN CrystalTopos.lean cnot_dim
LEAN CrystalTopos.lean cnot_neutrino
LEAN CrystalTopos.lean neutrino_denom
LEAN CrystalTopos.lean interaction_duality
LEAN CrystalTopos.lean ladder_bottom
LEAN CrystalTopos.lean ladder_top
LEAN CrystalTopos.lean fock_3
LEAN CrystalTopos.lean boson_fermion_split
LEAN CrystalTopos.lean entanglement_count
LEAN CrystalTopos.lean povm_total
LEAN CrystalTopos.lean pauli_ground
LEAN CrystalTopos.lean omega_b_denom
LEAN CrystalTopos.lean omega_b_num
LEAN CrystalTopos.lean carnot_num
LEAN CrystalTopos.lean carnot_den
LEAN CrystalTopos.lean stefan_boltzmann
LEAN CrystalTopos.lean thermal_k_num
LEAN CrystalTopos.lean thermal_k_den
LEAN CrystalTopos.lean casimir_num
LEAN CrystalTopos.lean casimir_den
LEAN CrystalTopos.lean string_tension_num
LEAN CrystalTopos.lean string_tension_den
LEAN CrystalTopos.lean asymptotic_freedom
LEAN CrystalTopos.lean heyting_confinement
LEAN CrystalTopos.lean dna_bases
LEAN CrystalTopos.lean codons
LEAN CrystalTopos.lean amino_acids
LEAN CrystalTopos.lean codon_signals
LEAN CrystalTopos.lean codon_redundancy
LEAN CrystalTopos.lean tau_n_corrected
LEAN CrystalTopos.lean phi_boundary
LEAN CrystalTopos.lean s_orbital
LEAN CrystalTopos.lean p_orbital
LEAN CrystalTopos.lean d_orbital
LEAN CrystalTopos.lean f_orbital
LEAN CrystalTopos.lean krypton_is_sigma_d
LEAN CrystalTopos.lean helix_turn_num
LEAN CrystalTopos.lean helix_denom
LEAN CrystalTopos.lean helix_rise
LEAN CrystalTopos.lean beta_sheet
LEAN CrystalTopos.lean at_bonds
LEAN CrystalTopos.lean gc_bonds
LEAN CrystalTopos.lean groove_eleven
LEAN CrystalTopos.lean lattice_lock
LEAN CrystalTopos.lean cooper_pair_dim
LEAN CrystalTopos.lean n_water_num
LEAN CrystalTopos.lean n_water_den
LEAN CrystalTopos.lean n_glass
LEAN CrystalTopos.lean codon_redundancy_budget
LEAN CrystalTopos.lean diamond_num
LEAN CrystalTopos.lean diamond_den
LEAN CrystalTopos.lean audit_chi
LEAN CrystalTopos.lean audit_beta0
LEAN CrystalTopos.lean audit_sigmaD
LEAN CrystalTopos.lean audit_sigmaD2
LEAN CrystalTopos.lean audit_gauss
LEAN CrystalTopos.lean audit_D
LEAN CrystalTopos.lean audit_fermat3
LEAN CrystalTopos.lean lagrange_points
LEAN CrystalTopos.lean collinear_lagrange
LEAN CrystalTopos.lean equilateral_lagrange
LEAN CrystalTopos.lean three_body_phase
LEAN CrystalTopos.lean three_body_symmetry
LEAN CrystalTopos.lean three_body_unsolved
LEAN CrystalTopos.lean three_body_decomposition
LEAN CrystalTopos.lean routh_denom
LEAN CrystalTopos.lean bekenstein_area
LEAN CrystalTopos.lean hawking_eight
LEAN CrystalTopos.lean singularity_floor
LEAN CrystalTopos.lean rp_boundary
LEAN CrystalTopos.lean dm_baryon_ratio
LEAN CrystalTopos.lean dm_baryon_denom
LEAN CrystalTopos.lean dm_is_codons_over_colour
LEAN CrystalTopos.lean nfw_concentration
LEAN CrystalTopos.lean bridge_casimir_water_num
LEAN CrystalTopos.lean bridge_casimir_water_den
LEAN CrystalTopos.lean bridge_casimir_gcd
LEAN CrystalTopos.lean bridge_beta0_path1
LEAN CrystalTopos.lean bridge_beta0_path2
LEAN CrystalTopos.lean bridge_beta0_eq_nfw
LEAN CrystalTopos.lean bridge_kolmogorov_num
LEAN CrystalTopos.lean bridge_kolmogorov_den
LEAN CrystalTopos.lean bridge_kolmogorov_gcd
LEAN CrystalTopos.lean bridge_phase_total
LEAN CrystalTopos.lean bridge_phase_solvable
LEAN CrystalTopos.lean bridge_phase_chaotic
LEAN CrystalTopos.lean bridge_phase_decomposition
LEAN CrystalTopos.lean bridge_redundancy_genetics
LEAN CrystalTopos.lean bridge_redundancy_cosmology
LEAN CrystalTopos.lean bridge_redundancy_eq
LEAN CrystalTopos.lean bridge_lagrange
LEAN CrystalTopos.lean bridge_lagrange_collinear
LEAN CrystalTopos.lean bridge_lagrange_equilateral
LEAN CrystalTopos.lean bridge_lagrange_decomp
LEAN CrystalTopos.lean bridge_routh_denom
LEAN CrystalTopos.lean bridge_lattice_lock
LEAN CrystalTopos.lean bridge_carnot_num
LEAN CrystalTopos.lean bridge_carnot_den
LEAN CrystalTopos.lean bridge_carnot_gcd
LEAN CrystalTopos.lean bridge_stefan_boltzmann
LEAN CrystalTopos.lean bridge_AT_bonds
LEAN CrystalTopos.lean bridge_GC_bonds
LEAN CrystalTopos.lean bridge_groove_num
LEAN CrystalTopos.lean bridge_groove_den
LEAN CrystalTopos.lean bridge_amino_acids
LEAN CrystalTopos.lean bridge_microscale
LEAN CrystalTopos.lean bridge_error_budget
LEAN CrystalTopos.lean bridge_string_num
LEAN CrystalTopos.lean bridge_string_den
LEAN CrystalTopos.lean endomorphisms
LEAN CrystalTopos.lean sector_1
LEAN CrystalTopos.lean sector_2
LEAN CrystalTopos.lean sector_3
LEAN CrystalTopos.lean sector_4
LEAN CrystalTopos.lean sector_sum
LEAN CrystalTopos.lean spectral_dim
LEAN CrystalTopos.lean spectral_dim_42
LEAN CrystalTopos.lean inv_chi
LEAN CrystalTopos.lean inv_beta0
LEAN CrystalTopos.lean inv_sigmaD
LEAN CrystalTopos.lean inv_gauss
LEAN CrystalTopos.lean inv_towerD
LEAN CrystalTopos.lean inv_sigmaD2
LEAN CrystalStructural.lean chi_eq
LEAN CrystalStructural.lean beta_0_eq
LEAN CrystalStructural.lean sigma_d_eq
LEAN CrystalStructural.lean towerD_eq
LEAN CrystalStructural.lean gauss_eq
LEAN CrystalStructural.lean dim_singlet_eq
LEAN CrystalStructural.lean dim_fund_eq
LEAN CrystalStructural.lean dim_adj_eq
LEAN CrystalStructural.lean dim_mixed_eq
LEAN CrystalStructural.lean conservation_count
LEAN CrystalStructural.lean noether_currents_eq_gauge
LEAN CrystalStructural.lean spin_states_fermion
LEAN CrystalStructural.lean spin_stat_z2
LEAN CrystalStructural.lean ko_dim_eq
LEAN CrystalStructural.lean N_c_odd
LEAN CrystalStructural.lean no_clone_fund
LEAN CrystalStructural.lean no_clone_adj
LEAN CrystalStructural.lean no_clone_mixed
LEAN CrystalStructural.lean singlet_trivial
LEAN CrystalStructural.lean dof_eff_eq
LEAN CrystalStructural.lean fermion_components_eq
LEAN CrystalStructural.lean lorentz_eq_chi
LEAN CrystalStructural.lean poincare_eq_solvable
LEAN CrystalStructural.lean metric_modes
LEAN CrystalStructural.lean casimir_num
LEAN CrystalStructural.lean beta_0_bridge
LEAN CrystalStructural.lean kolmogorov_num
LEAN CrystalStructural.lean kolmogorov_den
LEAN CrystalStructural.lean phase_decomp
LEAN CrystalStructural.lean codon_bridge
LEAN CrystalStructural.lean lagrange_bridge
LEAN CrystalStructural.lean lattice_lock
LEAN CrystalStructural.lean carnot_num
LEAN CrystalStructural.lean carnot_den
LEAN CrystalStructural.lean stefan_bolt
LEAN CrystalStructural.lean h_bond_AT
LEAN CrystalStructural.lean h_bond_GC
LEAN CrystalStructural.lean tetrahedral_denom
LEAN CrystalStructural.lean amino_bridge
LEAN CrystalStructural.lean codon_count
LEAN CrystalStructural.lean algebra_dim_eq
LEAN CrystalStructural.lean algebra_towerD
LEAN CrystalStructural.lean sigma_d_eq_chi_sq
LEAN CrystalStructural.lean sigma_d2_eq
LEAN CrystalStructural.lean tau_n_ratio
LEAN CrystalNoether.lean generators_eq_12
LEAN CrystalNoether.lean noether_currents
LEAN CrystalNoether.lean rank_drop_eq
LEAN CrystalNoether.lean lorentz_eq_chi
LEAN CrystalNoether.lean poincare_eq_10
LEAN CrystalNoether.lean poincare_eq_solvable
LEAN CrystalNoether.lean total_conservation_eq
LEAN CrystalNoether.lean overdetermined
LEAN CrystalNoether.lean carnot_num
LEAN CrystalNoether.lean carnot_den
LEAN CrystalNoether.lean carnot_cross
LEAN CrystalNoether.lean stefan_bolt_120
LEAN CrystalNoether.lean lattice_lock
LEAN CrystalNoether.lean kolmogorov_exact
LEAN CrystalNoether.lean tau_n
LEAN CrystalDiscoveries.lean dark_energy_eq
LEAN CrystalDiscoveries.lean cdm_eq
LEAN CrystalDiscoveries.lean baryons_eq
LEAN CrystalDiscoveries.lean partition_exhaustive
LEAN CrystalDiscoveries.lean partition_42
LEAN CrystalDiscoveries.lean omega_lambda_num
LEAN CrystalDiscoveries.lean omega_lambda_den
LEAN CrystalDiscoveries.lean omega_cdm_num
LEAN CrystalDiscoveries.lean omega_b_num
LEAN CrystalDiscoveries.lean omega_b_simplified
LEAN CrystalDiscoveries.lean dark_baryon_num
LEAN CrystalDiscoveries.lean dark_baryon_den
LEAN CrystalDiscoveries.lean magic_2
LEAN CrystalDiscoveries.lean magic_8
LEAN CrystalDiscoveries.lean magic_20
LEAN CrystalDiscoveries.lean magic_28
LEAN CrystalDiscoveries.lean magic_50
LEAN CrystalDiscoveries.lean magic_82
LEAN CrystalDiscoveries.lean magic_82_alt
LEAN CrystalDiscoveries.lean magic_82_identity
LEAN CrystalDiscoveries.lean magic_126
LEAN CrystalDiscoveries.lean magic_50_alt
LEAN CrystalDiscoveries.lean magic_50_ratio
LEAN CrystalDiscoveries.lean cabibbo_num
LEAN CrystalDiscoveries.lean cabibbo_den
LEAN CrystalDiscoveries.lean vus_cross
LEAN CrystalDiscoveries.lean vcb_denom
LEAN CrystalDiscoveries.lean vub_denom
LEAN CrystalDiscoveries.lean ckm_hierarchy_1
LEAN CrystalDiscoveries.lean ckm_hierarchy_2
LEAN CrystalDiscoveries.lean bell_base
LEAN CrystalDiscoveries.lean bell_power
LEAN CrystalDiscoveries.lean eddington_int
LEAN CrystalDiscoveries.lean saturation_cross
LEAN CrystalAlphaProton.lean chi_eq
LEAN CrystalAlphaProton.lean beta0_eq
LEAN CrystalAlphaProton.lean sigma_d_eq
LEAN CrystalAlphaProton.lean sigma_d2_eq
LEAN CrystalAlphaProton.lean gauss_eq
LEAN CrystalAlphaProton.lean towerD_eq
LEAN CrystalAlphaProton.lean alpha_sindy_rational_num
LEAN CrystalAlphaProton.lean gauss_sq
LEAN CrystalAlphaProton.lean alpha_sindy_sum
LEAN CrystalAlphaProton.lean towerD_sq
LEAN CrystalAlphaProton.lean mp_sindy_numerator
LEAN CrystalAlphaProton.lean mp_sindy_rational
LEAN CrystalAlphaProton.lean gauss_cubed
LEAN CrystalAlphaProton.lean gauss_cubed_alt
LEAN CrystalAlphaProton.lean cross_domain_gauss_alpha
LEAN CrystalAlphaProton.lean cross_domain_gauss_mp
LEAN CrystalAlphaProton.lean hmc_corr_denom
LEAN CrystalAlphaProton.lean a0_inv
LEAN CrystalAlphaProton.lean a4_inv
LEAN CrystalAlphaProton.lean shared_core
LEAN CrystalAlphaProton.lean hierarchy_numerator
LEAN CrystalAlphaProton.lean hierarchy_denominator
LEAN CrystalAlphaProton.lean alpha_corr_denom
LEAN CrystalAlphaProton.lean alpha_channel
LEAN CrystalAlphaProton.lean mp_corr_denom
LEAN CrystalAlphaProton.lean mp_channel
LEAN CrystalAlphaProton.lean corr_denom_ratio
LEAN CrystalAlphaProton.lean d4_over_nw
LEAN CrystalAlphaProton.lean channel_ratio
LEAN CrystalAlphaProton.lean alpha_via_core
LEAN CrystalAlphaProton.lean mp_via_core
LEAN CrystalAlphaProton.lean alpha_corr_primes
LEAN CrystalAlphaProton.lean mp_corr_primes
LEAN CrystalAlphaProton.lean magic_82
LEAN CrystalAlphaProton.lean magic_82_alt
LEAN CrystalAlphaProton.lean magic_82_identity
LEAN CrystalAlphaProton.lean sin2_corr_denom
LEAN CrystalAlphaProton.lean sin2_corr_num
LEAN CrystalAlphaProton.lean all_share_a4
LEAN CrystalAlphaProton.lean sin2_alpha_share_d4
LEAN CrystalAlphaProton.lean beta0_from_primes
LEAN CrystalAlphaProton.lean sin2_equiv
LEAN CrystalAlphaProton.lean upsilon_dual_route
LEAN CrystalAlphaProton.lean upsilon_corr_val
LEAN CrystalAlphaProton.lean dmeson_dual_route
LEAN CrystalAlphaProton.lean dmeson_split
LEAN CrystalAlphaProton.lean rho_dual_route
LEAN CrystalAlphaProton.lean rho_identity
LEAN CrystalAlphaProton.lean phi_dual_route
LEAN CrystalAlphaProton.lean phi_identity_d4_minus_d3
LEAN CrystalAlphaProton.lean phi_identity_d3_nc
LEAN CrystalAlphaProton.lean omega_dm_dual_route
LEAN CrystalAlphaProton.lean omega_dm_identity
LEAN CrystalAlphaProton.lean omega_dm_corr_val
LEAN CrystalAlphaProton.lean rp_dual_route
LEAN CrystalAlphaProton.lean sin13_dual_route
LEAN CrystalAlphaProton.lean sin13_corr_val
LEAN CrystalAlphaProton.lean sin13_identity
LEAN CrystalAlphaProton.lean sin13_numerator
LEAN CrystalAlphaProton.lean sin13_denominator
LEAN CrystalProtonRadius.lean dual_route_d4_sq
LEAN CrystalProtonRadius.lean d4_sq_eq_576
LEAN CrystalProtonRadius.lean two_d3_sigma_d_eq_576
LEAN CrystalProtonRadius.lean nc_sq_minus_one
LEAN CrystalProtonRadius.lean cf_nc_numerator
LEAN CrystalProtonRadius.lean two_cf_nc
LEAN CrystalProtonRadius.lean correction_denom
LEAN CrystalProtonRadius.lean d3_times_sigma_d
LEAN CrystalProtonRadius.lean d4_times_d4
LEAN CrystalProtonRadius.lean af_floor_denom
LEAN CrystalProtonRadius.lean band_denom
LEAN CrystalProtonRadius.lean d3_is_adjoint
LEAN CrystalProtonRadius.lean sigma_d_val
LEAN CrystalProtonRadius.lean quark_pairs
LEAN CrystalProtonRadius.lean d4_nc2
LEAN CrystalProtonRadius.lean eps_denom_nc2
LEAN CrystalProtonRadius.lean d4_nc3
LEAN CrystalProtonRadius.lean eps_denom_nc3
LEAN CrystalProtonRadius.lean d4_nc4
LEAN CrystalProtonRadius.lean eps_denom_nc4
LEAN CrystalProtonRadius.lean nc3_tighter_than_nc2
LEAN CrystalProtonRadius.lean sigma_d2_val
LEAN CrystalProtonRadius.lean towerD_val
LEAN CrystalProtonRadius.lean shared_core
LEAN CrystalProtonRadius.lean d4_sq_factored
LEAN CrystalProtonRadius.lean alpha_channel
LEAN CrystalProtonRadius.lean trace_identity
LEAN CrystalProtonRadius.lean correction_structure
LEAN CrystalProtonRadius.lean rational_num
LEAN CrystalProtonRadius.lean rational_den
LEAN Main.lean chi_eq
LEAN Main.lean beta_0_eq
LEAN Main.lean sigma_d_eq
LEAN Main.lean towerD_eq
LEAN Main.lean gauss_eq
LEAN Main.lean sigma_d2_eq
LEAN Main.lean algebra_dim_eq
LEAN Main.lean dim_singlet_eq
LEAN Main.lean dim_fund_eq
LEAN Main.lean dim_adj_eq
LEAN Main.lean dim_mixed_eq
LEAN Main.lean noether_gauge_12
LEAN Main.lean noether_decomp
LEAN Main.lean noether_lorentz_eq_chi
LEAN Main.lean noether_poincare_10
LEAN Main.lean noether_poincare_eq_solvable
LEAN Main.lean noether_total_22
LEAN Main.lean noether_overdetermined
LEAN Main.lean spin_statistics
LEAN Main.lean cpt_ko_dim
LEAN Main.lean cpt_parity
LEAN Main.lean no_clone_fund
LEAN Main.lean no_clone_adj
LEAN Main.lean no_clone_mixed
LEAN Main.lean singlet_trivial
LEAN Main.lean boltzmann_dof
LEAN Main.lean equipartition
LEAN Main.lean hubble_metric
LEAN Main.lean bridge_casimir
LEAN Main.lean bridge_nfw
LEAN Main.lean bridge_kolmogorov
LEAN Main.lean bridge_phase_18
LEAN Main.lean bridge_codon_43
LEAN Main.lean bridge_lagrange
LEAN Main.lean bridge_lattice_lock
LEAN Main.lean bridge_carnot
LEAN Main.lean bridge_stefan_bolt
LEAN Main.lean bridge_h_bond_AT
LEAN Main.lean bridge_h_bond_GC
LEAN Main.lean bridge_tetrahedral
LEAN Main.lean bridge_amino
LEAN Main.lean bridge_codons
LEAN Main.lean bridge_tau_n
LEAN Main.lean bridge_tau_n_cross
LEAN Main.lean bridge_algebra
LEAN Main.lean sat_inverse_square
LEAN Main.lean sat_three_body
LEAN Main.lean sat_von_karman
LEAN Main.lean sat_orbital_elements
LEAN Main.lean sat_lagrange
LEAN Main.lean sat_steane_n
LEAN Main.lean sat_steane_d
LEAN Main.lean sat_helix_res
LEAN Main.lean sat_helix_turns
LEAN Main.lean id_sigma_chi_sq
LEAN Main.lean id_sigma_d2
LEAN Main.lean id_D_decomp
LEAN Main.lean id_algebra_N_c
LEAN_FILES 7
# AGDA PROOFS
AGDA CrystalTopos.agda the-one-law
AGDA CrystalTopos.agda chi-eq
AGDA CrystalTopos.agda beta0-eq
AGDA CrystalTopos.agda towerD-eq
AGDA CrystalTopos.agda sigmaD-eq
AGDA CrystalTopos.agda gauss-eq
AGDA CrystalTopos.agda d-weak-eq
AGDA CrystalTopos.agda d-colour-eq
AGDA CrystalTopos.agda d-mixed-eq
AGDA CrystalTopos.agda deg-sum
AGDA CrystalTopos.agda endo-sum
AGDA CrystalTopos.agda ngen
AGDA CrystalTopos.agda ward-col
AGDA CrystalTopos.agda binding-54
AGDA CrystalTopos.agda binding-53
AGDA CrystalTopos.agda vus-num
AGDA CrystalTopos.agda vus-den
AGDA CrystalTopos.agda sw-den
AGDA CrystalTopos.agda s23-num
AGDA CrystalTopos.agda s23-den
AGDA CrystalTopos.agda s13-den
AGDA CrystalTopos.agda jarl-num
AGDA CrystalTopos.agda jarl-den
AGDA CrystalTopos.agda dckm-num
AGDA CrystalTopos.agda dckm-den
AGDA CrystalTopos.agda ms-mud
AGDA CrystalTopos.agda mcs-num
AGDA CrystalTopos.agda mcs-reduced
AGDA CrystalTopos.agda mbs
AGDA CrystalTopos.agda mbc-num
AGDA CrystalTopos.agda mbc-den
AGDA CrystalTopos.agda mtb-raw
AGDA CrystalTopos.agda mtb-reduced
AGDA CrystalTopos.agda mud-num
AGDA CrystalTopos.agda mud-den
AGDA CrystalTopos.agda duality-sum
AGDA CrystalTopos.agda berry-num
AGDA CrystalTopos.agda berry-den
AGDA CrystalTopos.agda a-tree-num
AGDA CrystalTopos.agda a-tree-den
AGDA CrystalTopos.agda kaon-tree
AGDA CrystalTopos.agda kaon-nlo
AGDA CrystalTopos.agda running-num
AGDA CrystalTopos.agda running-den
AGDA CrystalTopos.agda glueball-num
AGDA CrystalTopos.agda glueball-den
AGDA CrystalTopos.agda mz-num
AGDA CrystalTopos.agda mz-den
AGDA CrystalTopos.agda alpha-s-num
AGDA CrystalTopos.agda alpha-s-den
AGDA CrystalTopos.agda muon-electron
AGDA CrystalTopos.agda muon-factor
AGDA CrystalTopos.agda lambda-num
AGDA CrystalTopos.agda lambda-den
AGDA CrystalTopos.agda lambda-is-2chi
AGDA CrystalTopos.agda nu3-corr-num
AGDA CrystalTopos.agda nu3-corr-den
AGDA CrystalTopos.agda nu2-corr-num
AGDA CrystalTopos.agda nu2-corr-den
AGDA CrystalTopos.agda b0-numerator
AGDA CrystalTopos.agda b0-beta
AGDA CrystalTopos.agda luscher
AGDA CrystalTopos.agda traced-79
AGDA CrystalTopos.agda osc-num
AGDA CrystalTopos.agda osc-den
AGDA CrystalTopos.agda kepler
AGDA CrystalTopos.agda spacetime
AGDA CrystalTopos.agda n-flavours
AGDA CrystalTopos.agda immirzi-num
AGDA CrystalTopos.agda immirzi-den
AGDA CrystalTopos.agda charm-run-num
AGDA CrystalTopos.agda charm-run-den
AGDA CrystalTopos.agda muon-layer
AGDA CrystalTopos.agda muon-corr
AGDA CrystalTopos.agda dark-photon
AGDA CrystalTopos.agda theta-star-den
AGDA CrystalTopos.agda theta-96-factor
AGDA CrystalTopos.agda omega-total
AGDA CrystalTopos.agda maxwell-gauss-e
AGDA CrystalTopos.agda maxwell-gauss-b
AGDA CrystalTopos.agda maxwell-faraday
AGDA CrystalTopos.agda maxwell-ampere
AGDA CrystalTopos.agda hilbert-dim
AGDA CrystalTopos.agda dirac-spinor
AGDA CrystalTopos.agda clifford-dim
AGDA CrystalTopos.agda kolmogorov-num
AGDA CrystalTopos.agda inverse-square
AGDA CrystalTopos.agda spacetime-dim
AGDA CrystalTopos.agda muon-qcd
AGDA CrystalTopos.agda test-function-symmetry
AGDA CrystalTopos.agda trace-S-num
AGDA CrystalTopos.agda trace-S2-num
AGDA CrystalTopos.agda trace-SInv
AGDA CrystalTopos.agda arima-AR
AGDA CrystalTopos.agda arima-AR-alt
AGDA CrystalTopos.agda A1-zero-pos
AGDA CrystalTopos.agda A1-dominant
AGDA CrystalTopos.agda jpsi-gauss
AGDA CrystalTopos.agda jpsi-den
AGDA CrystalTopos.agda upsilon-factor
AGDA CrystalTopos.agda b-meson-factor
AGDA CrystalTopos.agda phi-den
AGDA CrystalTopos.agda omega-rho-factor
AGDA CrystalTopos.agda omega-rho-35
AGDA CrystalTopos.agda omega-sss-beta
AGDA CrystalTopos.agda omega-sss-den
AGDA CrystalTopos.agda d₃-check
AGDA CrystalTopos.agda d₁-val
AGDA CrystalTopos.agda d₂-val
AGDA CrystalTopos.agda d₃-is-8
AGDA CrystalTopos.agda d₄-val
AGDA CrystalTopos.agda beta0-derived
AGDA CrystalTopos.agda chi-val
AGDA CrystalTopos.agda sigmaD-val
AGDA CrystalTopos.agda sigmaD2-val
AGDA CrystalTopos.agda gauss-val
AGDA CrystalTopos.agda D-val
AGDA CrystalTopos.agda gauss×beta0
AGDA CrystalTopos.agda beta0×chi-1
AGDA CrystalTopos.agda beta0-times-5
AGDA CrystalTopos.agda nC²
AGDA CrystalTopos.agda nW²
AGDA CrystalTopos.agda nW³
AGDA CrystalTopos.agda nW⁴
AGDA CrystalTopos.agda gauss²
AGDA CrystalTopos.agda D²
AGDA CrystalTopos.agda gauss=nW+11
AGDA CrystalTopos.agda gauss=nC+10
AGDA CrystalTopos.agda D=beta0+35
AGDA CrystalTopos.agda D=gauss+29
AGDA CrystalTopos.agda gauss²=D+127
AGDA CrystalTopos.agda gauss²=nW+167
AGDA CrystalTopos.agda D+gauss
AGDA CrystalTopos.agda D+chi
AGDA CrystalTopos.agda gauss+chi
AGDA CrystalTopos.agda gauss+nW²
AGDA CrystalTopos.agda two-tower
AGDA CrystalTopos.agda fermat3-val
AGDA CrystalTopos.agda proton-num
AGDA CrystalTopos.agda proton-den
AGDA CrystalTopos.agda alpha-int
AGDA CrystalTopos.agda alphas-den
AGDA CrystalTopos.agda kaon-num
AGDA CrystalTopos.agda rho-pion
AGDA CrystalTopos.agda psi2s
AGDA CrystalTopos.agda pion-split
AGDA CrystalTopos.agda sigma-c
AGDA CrystalTopos.agda omega-c-first
AGDA CrystalTopos.agda omega-c-corr
AGDA CrystalTopos.agda waca-mud-den
AGDA CrystalTopos.agda mt-den
AGDA CrystalTopos.agda muon-ratio
AGDA CrystalTopos.agda electron-denom
AGDA CrystalTopos.agda tau-num
AGDA CrystalTopos.agda tau-den
AGDA CrystalTopos.agda alpha-mz
AGDA CrystalTopos.agda cmb-num
AGDA CrystalTopos.agda neutron-life-num
AGDA CrystalTopos.agda chandrasekhar
AGDA CrystalTopos.agda he4
AGDA CrystalTopos.agda proton-moment-num
AGDA CrystalTopos.agda proton-moment-den
AGDA CrystalTopos.agda neutron-moment-den
AGDA CrystalTopos.agda phi-num
AGDA CrystalTopos.agda waca-phi-den
AGDA CrystalTopos.agda zeta3-num
AGDA CrystalTopos.agda zeta3-den
AGDA CrystalTopos.agda catalan-den
AGDA CrystalTopos.agda euler-corr
AGDA CrystalTopos.agda hierarchy-den
AGDA CrystalTopos.agda hierarchy-exp
AGDA CrystalTopos.agda sigma-factored
AGDA CrystalTopos.agda D-factored
AGDA CrystalTopos.agda total-catalogue
AGDA CrystalTopos.agda two-particle
AGDA CrystalTopos.agda sym-times-2
AGDA CrystalTopos.agda antisym-count
AGDA CrystalTopos.agda fermion-su4
AGDA CrystalTopos.agda ppt-dim
AGDA CrystalTopos.agda entangling-gates
AGDA CrystalTopos.agda quantum-gates
AGDA CrystalTopos.agda cnot-dim
AGDA CrystalTopos.agda cnot-neutrino
AGDA CrystalTopos.agda interaction-duality
AGDA CrystalTopos.agda fock-3
AGDA CrystalTopos.agda boson-fermion
AGDA CrystalTopos.agda entangle-total
AGDA CrystalTopos.agda ladder-symmetric
AGDA CrystalTopos.agda pauli-ground
AGDA CrystalTopos.agda omega-b-denom
AGDA CrystalTopos.agda omega-b-num
AGDA CrystalTopos.agda carnot-num
AGDA CrystalTopos.agda stefan-boltzmann
AGDA CrystalTopos.agda thermal-k-num
AGDA CrystalTopos.agda casimir-num
AGDA CrystalTopos.agda casimir-den
AGDA CrystalTopos.agda string-tension
AGDA CrystalTopos.agda asymp-free-lhs
AGDA CrystalTopos.agda asymp-free-rhs
AGDA CrystalTopos.agda heyting-confinement
AGDA CrystalTopos.agda dna-bases
AGDA CrystalTopos.agda codons
AGDA CrystalTopos.agda amino-acids
AGDA CrystalTopos.agda codon-signals
AGDA CrystalTopos.agda tau-n-corrected
AGDA CrystalTopos.agda tau-n-weak-self
AGDA CrystalTopos.agda phi-boundary
AGDA CrystalTopos.agda s-orbital
AGDA CrystalTopos.agda p-orbital
AGDA CrystalTopos.agda d-orbital
AGDA CrystalTopos.agda f-orbital
AGDA CrystalTopos.agda helix-denom
AGDA CrystalTopos.agda at-bonds
AGDA CrystalTopos.agda gc-bonds
AGDA CrystalTopos.agda groove-ratio-num
AGDA CrystalTopos.agda lattice-lock
AGDA CrystalTopos.agda cooper-pair-dim
AGDA CrystalTopos.agda n-water-num
AGDA CrystalTopos.agda codon-redundancy
AGDA CrystalTopos.agda redundancy-is-D-plus-1
AGDA CrystalTopos.agda diamond-num
AGDA CrystalTopos.agda diamond-den
AGDA CrystalTopos.agda audit-chi
AGDA CrystalTopos.agda audit-sigmaD
AGDA CrystalTopos.agda audit-gauss
AGDA CrystalTopos.agda audit-D
AGDA CrystalTopos.agda audit-fermat3
AGDA CrystalTopos.agda lagrange-points
AGDA CrystalTopos.agda three-body-phase
AGDA CrystalTopos.agda three-body-symmetry
AGDA CrystalTopos.agda three-body-unsolved
AGDA CrystalTopos.agda routh-denom
AGDA CrystalTopos.agda bekenstein-area
AGDA CrystalTopos.agda hawking-eight
AGDA CrystalTopos.agda rp-boundary
AGDA CrystalTopos.agda dm-ratio-num
AGDA CrystalTopos.agda dm-ratio-denom
AGDA CrystalTopos.agda nfw-concentration
AGDA CrystalTopos.agda bridge-casimir-water-num
AGDA CrystalTopos.agda bridge-casimir-water-den
AGDA CrystalTopos.agda bridge-beta0-from-qcd
AGDA CrystalTopos.agda bridge-beta0-from-nfw
AGDA CrystalTopos.agda bridge-beta0-eq-nfw
AGDA CrystalTopos.agda bridge-kolmogorov-num
AGDA CrystalTopos.agda bridge-kolmogorov-den
AGDA CrystalTopos.agda bridge-phase-total
AGDA CrystalTopos.agda bridge-phase-solvable
AGDA CrystalTopos.agda bridge-phase-chaotic
AGDA CrystalTopos.agda bridge-phase-decomp
AGDA CrystalTopos.agda bridge-codons
AGDA CrystalTopos.agda bridge-signals
AGDA CrystalTopos.agda bridge-redundancy
AGDA CrystalTopos.agda bridge-redundancy-eq-D1
AGDA CrystalTopos.agda bridge-lagrange
AGDA CrystalTopos.agda bridge-lagrange-decomp
AGDA CrystalTopos.agda bridge-routh-denom
AGDA CrystalTopos.agda bridge-lattice-lock
AGDA CrystalTopos.agda bridge-carnot-num
AGDA CrystalTopos.agda bridge-carnot-den
AGDA CrystalTopos.agda bridge-stefan
AGDA CrystalTopos.agda bridge-AT
AGDA CrystalTopos.agda bridge-GC
AGDA CrystalTopos.agda bridge-groove-num
AGDA CrystalTopos.agda bridge-groove-den
AGDA CrystalTopos.agda bridge-amino
AGDA CrystalTopos.agda bridge-area-quantum
AGDA CrystalTopos.agda bridge-error-budget
AGDA CrystalTopos.agda bridge-string-num
AGDA CrystalTopos.agda bridge-string-den
AGDA CrystalTopos.agda endomorphisms-bridge
AGDA CrystalTopos.agda sector-sum-bridge
AGDA CrystalTopos.agda spectral-dim-bridge
AGDA CrystalStructural.agda chi-eq
AGDA CrystalStructural.agda beta-0-eq
AGDA CrystalStructural.agda sigma-d-eq
AGDA CrystalStructural.agda towerD-eq
AGDA CrystalStructural.agda gauss-eq
AGDA CrystalStructural.agda dim-singlet-eq
AGDA CrystalStructural.agda dim-fund-eq
AGDA CrystalStructural.agda dim-adj-eq
AGDA CrystalStructural.agda dim-mixed-eq
AGDA CrystalStructural.agda conservation-count
AGDA CrystalStructural.agda spin-states
AGDA CrystalStructural.agda ko-dim-eq
AGDA CrystalStructural.agda N-c-is-3
AGDA CrystalStructural.agda no-clone-fund
AGDA CrystalStructural.agda no-clone-adj
AGDA CrystalStructural.agda no-clone-mixed
AGDA CrystalStructural.agda dof-eff-eq
AGDA CrystalStructural.agda fermion-eq
AGDA CrystalStructural.agda lorentz-product
AGDA CrystalStructural.agda lorentz-double-chi
AGDA CrystalStructural.agda poincare-eq-solvable
AGDA CrystalStructural.agda poincare-eq-10
AGDA CrystalStructural.agda metric-modes-eq-chi
AGDA CrystalStructural.agda casimir-num
AGDA CrystalStructural.agda casimir-denom
AGDA CrystalStructural.agda nfw-bridge
AGDA CrystalStructural.agda kolmogorov-num
AGDA CrystalStructural.agda kolmogorov-den
AGDA CrystalStructural.agda phase-decomp
AGDA CrystalStructural.agda codon-bridge
AGDA CrystalStructural.agda lagrange-bridge
AGDA CrystalStructural.agda lattice-lock
AGDA CrystalStructural.agda carnot-num
AGDA CrystalStructural.agda carnot-den
AGDA CrystalStructural.agda stefan-bolt
AGDA CrystalStructural.agda h-bond-AT
AGDA CrystalStructural.agda h-bond-GC
AGDA CrystalStructural.agda tetrahedral
AGDA CrystalStructural.agda amino-bridge
AGDA CrystalStructural.agda codon-count
AGDA CrystalStructural.agda tau-n-product
AGDA CrystalStructural.agda algebra-dim-eq
AGDA CrystalStructural.agda algebra-towerD
AGDA CrystalStructural.agda sigma-chi-sq
AGDA CrystalStructural.agda sigma-d2-eq
AGDA CrystalStructural.agda helix-residues
AGDA CrystalStructural.agda helix-turns
AGDA CrystalStructural.agda sheet-num
AGDA CrystalStructural.agda sheet-den
AGDA CrystalNoether.agda generators-eq-12
AGDA CrystalNoether.agda lorentz-double
AGDA CrystalNoether.agda poincare-eq-10
AGDA CrystalNoether.agda poincare-eq-solvable
AGDA CrystalNoether.agda total-eq-22
AGDA CrystalNoether.agda algebra-dim-eq
AGDA CrystalNoether.agda carnot-cross
AGDA CrystalNoether.agda stefan-bolt
AGDA CrystalNoether.agda lattice-lock
AGDA CrystalNoether.agda kolmogorov-cross
AGDA CrystalNoether.agda tau-n-cross
AGDA CrystalNoether.agda von-karman-cross
AGDA CrystalNoether.agda rank-drop-eq
AGDA CrystalNoether.agda casimir-cross
AGDA CrystalNoether.agda codons
AGDA CrystalNoether.agda amino-stop
AGDA CrystalNoether.agda phase-18
AGDA CrystalDiscoveries.agda dark-energy-eq
AGDA CrystalDiscoveries.agda cdm-eq
AGDA CrystalDiscoveries.agda baryons-eq
AGDA CrystalDiscoveries.agda partition-exhaustive
AGDA CrystalDiscoveries.agda partition-42
AGDA CrystalDiscoveries.agda tower-42
AGDA CrystalDiscoveries.agda omega-lambda-num
AGDA CrystalDiscoveries.agda omega-cdm-num
AGDA CrystalDiscoveries.agda omega-b-simplified
AGDA CrystalDiscoveries.agda dark-baryon-num
AGDA CrystalDiscoveries.agda dark-baryon-den
AGDA CrystalDiscoveries.agda magic-2
AGDA CrystalDiscoveries.agda magic-8
AGDA CrystalDiscoveries.agda magic-20
AGDA CrystalDiscoveries.agda magic-28
AGDA CrystalDiscoveries.agda magic-50
AGDA CrystalDiscoveries.agda magic-82
AGDA CrystalDiscoveries.agda magic-82-alt
AGDA CrystalDiscoveries.agda magic-126
AGDA CrystalDiscoveries.agda sigma-d2-eq
AGDA CrystalDiscoveries.agda magic-50-alt
AGDA CrystalDiscoveries.agda cabibbo-num
AGDA CrystalDiscoveries.agda cabibbo-den
AGDA CrystalDiscoveries.agda vus-cross
AGDA CrystalDiscoveries.agda vcb-denom
AGDA CrystalDiscoveries.agda vub-denom
AGDA CrystalDiscoveries.agda ckm-hier-1
AGDA CrystalDiscoveries.agda ckm-hier-2
AGDA CrystalDiscoveries.agda bell-base
AGDA CrystalDiscoveries.agda steane-n
AGDA CrystalDiscoveries.agda steane-d
AGDA CrystalDiscoveries.agda eddington
AGDA CrystalDiscoveries.agda saturation
AGDA CrystalDiscoveries.agda gauss-decomp
AGDA CrystalDiscoveries.agda non-gauge
AGDA CrystalDiscoveries.agda gauge-dark
AGDA CrystalDiscoveries.agda sigma-chi-sq
AGDA CrystalDiscoveries.agda tower-decomp
AGDA CrystalAlphaProton.agda chi-eq
AGDA CrystalAlphaProton.agda sigma-d-eq
AGDA CrystalAlphaProton.agda gauss-eq
AGDA CrystalAlphaProton.agda towerD-eq
AGDA CrystalAlphaProton.agda gauss-sq
AGDA CrystalAlphaProton.agda alpha-sindy-sum
AGDA CrystalAlphaProton.agda alpha-sindy-rational
AGDA CrystalAlphaProton.agda towerD-sq
AGDA CrystalAlphaProton.agda mp-sindy-numerator
AGDA CrystalAlphaProton.agda mp-sindy-double
AGDA CrystalAlphaProton.agda gauss-cubed
AGDA CrystalAlphaProton.agda gauss-cubed-alt
AGDA CrystalAlphaProton.agda sigma-d2-eq
AGDA CrystalAlphaProton.agda a0-inv
AGDA CrystalAlphaProton.agda a4-inv
AGDA CrystalAlphaProton.agda shared-core
AGDA CrystalAlphaProton.agda alpha-corr-denom
AGDA CrystalAlphaProton.agda alpha-channel
AGDA CrystalAlphaProton.agda mp-corr-denom
AGDA CrystalAlphaProton.agda mp-channel
AGDA CrystalAlphaProton.agda d4-over-nw
AGDA CrystalAlphaProton.agda corr-ratio
AGDA CrystalAlphaProton.agda magic-82
AGDA CrystalAlphaProton.agda magic-82-alt
AGDA CrystalAlphaProton.agda beta0-numerator
AGDA CrystalAlphaProton.agda sin2-corr-denom
AGDA CrystalAlphaProton.agda beta0-eq
AGDA CrystalAlphaProton.agda all-share-a4
AGDA CrystalAlphaProton.agda upsilon-dual
AGDA CrystalAlphaProton.agda upsilon-corr
AGDA CrystalAlphaProton.agda dmeson-dual
AGDA CrystalAlphaProton.agda dmeson-split
AGDA CrystalAlphaProton.agda rho-dual
AGDA CrystalAlphaProton.agda phi-dual
AGDA CrystalAlphaProton.agda phi-d4-minus-d3
AGDA CrystalAlphaProton.agda phi-d3-nc
AGDA CrystalAlphaProton.agda omega-dm-dual
AGDA CrystalAlphaProton.agda omega-dm-val
AGDA CrystalAlphaProton.agda omega-dm-identity
AGDA CrystalAlphaProton.agda rp-dual
AGDA CrystalAlphaProton.agda sin13-dual
AGDA CrystalAlphaProton.agda sin13-corr
AGDA CrystalAlphaProton.agda sin13-identity
AGDA CrystalAlphaProton.agda sin13-num
AGDA CrystalAlphaProton.agda sin13-denom
AGDA CrystalProtonRadius.agda dual-route
AGDA CrystalProtonRadius.agda d4-sq-576
AGDA CrystalProtonRadius.agda two-d3-sigma-d
AGDA CrystalProtonRadius.agda nc-sq-minus-1
AGDA CrystalProtonRadius.agda two-times-four
AGDA CrystalProtonRadius.agda cf-nc-check
AGDA CrystalProtonRadius.agda d3-times-sigma-d
AGDA CrystalProtonRadius.agda two-times-288
AGDA CrystalProtonRadius.agda d4-times-d4
AGDA CrystalProtonRadius.agda af-floor-denom
AGDA CrystalProtonRadius.agda band-denom
AGDA CrystalProtonRadius.agda d3-adjoint
AGDA CrystalProtonRadius.agda sigma-d-val
AGDA CrystalProtonRadius.agda quark-pair-product
AGDA CrystalProtonRadius.agda d4-nc2
AGDA CrystalProtonRadius.agda eps-nc2
AGDA CrystalProtonRadius.agda d4-nc3
AGDA CrystalProtonRadius.agda eps-nc3
AGDA CrystalProtonRadius.agda d4-nc4
AGDA CrystalProtonRadius.agda eps-nc4
AGDA CrystalProtonRadius.agda sigma-d2-val
AGDA CrystalProtonRadius.agda towerD-val
AGDA CrystalProtonRadius.agda shared-core
AGDA CrystalProtonRadius.agda alpha-channel
AGDA CrystalProtonRadius.agda trace-identity
AGDA_FILES 6
# HASKELL MODULES
HASKELL Main.hs
HASKELL CrystalStructural.hs
HASKELL CrystalNoether.hs
HASKELL CrystalDiscoveries.hs
HASKELL CrystalAlphaProton.hs
HASKELL CrystalProtonRadius.hs
HASKELL WACAScanTest.hs
HASKELL CrystalFullTest.hs
# RUST TESTS
RUST crystal_alpha_proton_tests.rs test_chi
RUST crystal_alpha_proton_tests.rs test_beta0
RUST crystal_alpha_proton_tests.rs test_sigma_d
RUST crystal_alpha_proton_tests.rs test_sigma_d2
RUST crystal_alpha_proton_tests.rs test_gauss
RUST crystal_alpha_proton_tests.rs test_tower_d
RUST crystal_alpha_proton_tests.rs test_sector_dims
RUST crystal_alpha_proton_tests.rs test_alpha_inv_sindy
RUST crystal_alpha_proton_tests.rs test_alpha_inv_hmc_base
RUST crystal_alpha_proton_tests.rs test_alpha_inv_hmc_refined
RUST crystal_alpha_proton_tests.rs test_mp_me_sindy
RUST crystal_alpha_proton_tests.rs test_mp_me_hmc
RUST crystal_alpha_proton_tests.rs test_cross_domain_gauss_shared
RUST crystal_alpha_proton_tests.rs test_cross_domain_d3_shared
RUST crystal_alpha_proton_tests.rs test_mp_me_rational_part
RUST crystal_alpha_proton_tests.rs test_alpha_rational_numerator
RUST crystal_alpha_proton_tests.rs test_alpha_corr_denom
RUST crystal_alpha_proton_tests.rs test_mp_corr_denom
RUST crystal_alpha_proton_tests.rs test_corr_denom_ratio
RUST crystal_alpha_proton_tests.rs test_shared_core
RUST crystal_alpha_proton_tests.rs test_alpha_inv_corrected
RUST crystal_alpha_proton_tests.rs test_mp_me_corrected
RUST crystal_alpha_proton_tests.rs test_cross_domain_corrections
RUST crystal_alpha_proton_tests.rs test_sin2_corr_denom
RUST crystal_alpha_proton_tests.rs test_sin2tw_base
RUST crystal_alpha_proton_tests.rs test_sin2tw_corrected
RUST crystal_alpha_proton_tests.rs test_all_three_share_a4
RUST crystal_alpha_proton_tests.rs test_gauge_sector_split
RUST crystal_discovery_tests.rs cosmo_dark_energy
RUST crystal_discovery_tests.rs cosmo_cdm
RUST crystal_discovery_tests.rs cosmo_baryons
RUST crystal_discovery_tests.rs cosmo_partition_exhaustive
RUST crystal_discovery_tests.rs cosmo_partition_sum
RUST crystal_discovery_tests.rs cosmo_omega_b_simplified
RUST crystal_discovery_tests.rs cosmo_dark_baryon_ratio
RUST crystal_discovery_tests.rs magic_2
RUST crystal_discovery_tests.rs magic_8
RUST crystal_discovery_tests.rs magic_20
RUST crystal_discovery_tests.rs magic_28
RUST crystal_discovery_tests.rs magic_50
RUST crystal_discovery_tests.rs magic_126
RUST crystal_discovery_tests.rs magic_82
RUST crystal_discovery_tests.rs magic_82_alt
RUST crystal_discovery_tests.rs magic_82_identity
RUST crystal_discovery_tests.rs magic_50_alt
RUST crystal_discovery_tests.rs magic_28_alt_chi_sq
RUST crystal_discovery_tests.rs magic_28_alt_product
RUST crystal_discovery_tests.rs magic_126_alt
RUST crystal_discovery_tests.rs cabibbo_angle
RUST crystal_discovery_tests.rs vus_rational
RUST crystal_discovery_tests.rs vcb_denominator
RUST crystal_discovery_tests.rs vub_denominator
RUST crystal_discovery_tests.rs ckm_hierarchy_vus_gt_vcb
RUST crystal_discovery_tests.rs ckm_hierarchy_vcb_gt_vub
RUST crystal_discovery_tests.rs bell_bound_base
RUST crystal_discovery_tests.rs steane_code
RUST crystal_discovery_tests.rs eddington_factor
RUST crystal_discovery_tests.rs nuclear_saturation
RUST crystal_discovery_tests.rs gauss_decomposition
RUST crystal_discovery_tests.rs sigma_d_eq_chi_sq
RUST crystal_discovery_tests.rs tower_decomposition
RUST crystal_hierarchy_tests.rs test_shared_core
RUST crystal_hierarchy_tests.rs test_level_a0
RUST crystal_hierarchy_tests.rs test_level_a4
RUST crystal_hierarchy_tests.rs test_level_ratio_numerator
RUST crystal_hierarchy_tests.rs test_upsilon_dual_route
RUST crystal_hierarchy_tests.rs test_upsilon_corr_value
RUST crystal_hierarchy_tests.rs test_upsilon_corr_is_eighth
RUST crystal_hierarchy_tests.rs test_dmeson_dual_route
RUST crystal_hierarchy_tests.rs test_dmeson_split
RUST crystal_hierarchy_tests.rs test_dmeson_dual_route_b
RUST crystal_hierarchy_tests.rs test_rho_dual_route
RUST crystal_hierarchy_tests.rs test_rho_corr_value
RUST crystal_hierarchy_tests.rs test_phi_dual_route
RUST crystal_hierarchy_tests.rs test_phi_d4_minus_d3
RUST crystal_hierarchy_tests.rs test_phi_d3_nc_eq_d4
RUST crystal_hierarchy_tests.rs test_phi_corr_value
RUST crystal_hierarchy_tests.rs test_omega_dm_dual_route
RUST crystal_hierarchy_tests.rs test_omega_dm_identity
RUST crystal_hierarchy_tests.rs test_omega_dm_corr_value
RUST crystal_hierarchy_tests.rs test_rp_dual_route
RUST crystal_hierarchy_tests.rs test_rp_corr_value
RUST crystal_hierarchy_tests.rs test_chi_is_nw_nc
RUST crystal_hierarchy_tests.rs test_all_corrections_negative
RUST crystal_hierarchy_tests.rs test_all_corrections_perturbative
RUST crystal_hierarchy_tests.rs test_upsilon_corrected
RUST crystal_hierarchy_tests.rs test_dmeson_corrected
RUST crystal_hierarchy_tests.rs test_rho_corrected
RUST crystal_hierarchy_tests.rs test_phi_corrected
RUST crystal_hierarchy_tests.rs test_omega_dm_corrected
RUST crystal_hierarchy_tests.rs test_upsilon_multiplier
RUST crystal_hierarchy_tests.rs test_dmeson_multiplier
RUST crystal_hierarchy_tests.rs test_rho_multiplier
RUST crystal_hierarchy_tests.rs test_phi_multiplier
RUST crystal_hierarchy_tests.rs test_all_denoms_factor_from_af
RUST crystal_hierarchy_tests.rs test_sin13_dual_route
RUST crystal_hierarchy_tests.rs test_sin13_corr_value
RUST crystal_hierarchy_tests.rs test_sin13_identity
RUST crystal_hierarchy_tests.rs test_sin13_clean_form
RUST crystal_hierarchy_tests.rs test_sin13_corrected
RUST crystal_hierarchy_tests.rs test_sin13_multiplier
RUST crystal_hierarchy_tests.rs test_sin13_shares_2chi_minus_1
RUST crystal_noether_tests.rs noether_u1_generators
RUST crystal_noether_tests.rs noether_su2_generators
RUST crystal_noether_tests.rs noether_su3_generators
RUST crystal_noether_tests.rs noether_total_gauge
RUST crystal_noether_tests.rs noether_lorentz_eq_chi
RUST crystal_noether_tests.rs noether_poincare_eq_solvable
RUST crystal_noether_tests.rs noether_total_conservation
RUST crystal_noether_tests.rs noether_overdetermined
RUST crystal_noether_tests.rs noether_carnot
RUST crystal_noether_tests.rs noether_stefan_boltzmann
RUST crystal_noether_tests.rs noether_lattice_lock
RUST crystal_noether_tests.rs noether_kolmogorov
RUST crystal_noether_tests.rs noether_tau_n
RUST crystal_noether_tests.rs noether_von_karman
RUST crystal_noether_tests.rs noether_rank_drop
RUST crystal_noether_tests.rs noether_casimir
RUST crystal_noether_tests.rs noether_codons
RUST crystal_noether_tests.rs noether_amino
RUST crystal_noether_tests.rs noether_phase_decomp
RUST crystal_noether_tests.rs noether_algebra_tower
RUST crystal_noether_tests.rs noether_sigma_d2
RUST crystal_proton_radius_tests.rs dual_route_identity
RUST crystal_proton_radius_tests.rs d4_squared_is_576
RUST crystal_proton_radius_tests.rs two_d3_sigma_d_is_576
RUST crystal_proton_radius_tests.rs cf_nc_is_four
RUST crystal_proton_radius_tests.rs nc_sq_minus_one_is_eight
RUST crystal_proton_radius_tests.rs proton_radius_base_inside_codata
RUST crystal_proton_radius_tests.rs proton_radius_corrected_inside_muonic
RUST crystal_proton_radius_tests.rs proton_radius_corrected_inside_codata
RUST crystal_proton_radius_tests.rs proton_radius_muonic_deep_inside
RUST crystal_proton_radius_tests.rs dual_route_corrections_match
RUST crystal_proton_radius_tests.rs r_max_above_measurement
RUST crystal_proton_radius_tests.rs r_min_below_measurement
RUST crystal_proton_radius_tests.rs af_floor_denom_is_575
RUST crystal_proton_radius_tests.rs band_is_narrow
RUST crystal_proton_radius_tests.rs measurement_inside_band
RUST crystal_proton_radius_tests.rs correction_is_suppressed
RUST crystal_proton_radius_tests.rs correction_is_negative
RUST crystal_proton_radius_tests.rs correction_is_rational
RUST crystal_proton_radius_tests.rs nc3_tighter_than_nc2
RUST crystal_proton_radius_tests.rs eps_nc2_value
RUST crystal_proton_radius_tests.rs eps_nc3_value
RUST crystal_proton_radius_tests.rs eps_nc4_value
RUST crystal_proton_radius_tests.rs sigma_d2_value
RUST crystal_proton_radius_tests.rs tower_d_value
RUST crystal_proton_radius_tests.rs shared_core
RUST crystal_proton_radius_tests.rs alpha_channel
RUST crystal_proton_radius_tests.rs trace_identity
RUST crystal_proton_radius_tests.rs d3_times_sigma_d
RUST crystal_proton_radius_tests.rs resummed_also_inside
RUST crystal_proton_radius_tests.rs band_denom_value
RUST crystal_structural_tests.rs test_chi
RUST crystal_structural_tests.rs test_beta_0
RUST crystal_structural_tests.rs test_sigma_d
RUST crystal_structural_tests.rs test_tower_d
RUST crystal_structural_tests.rs test_gauss
RUST crystal_structural_tests.rs test_sigma_d2
RUST crystal_structural_tests.rs test_sectors
RUST crystal_structural_tests.rs test_conservation_count
RUST crystal_structural_tests.rs test_spin_statistics
RUST crystal_structural_tests.rs test_cpt_ko_dim
RUST crystal_structural_tests.rs test_parity_odd
RUST crystal_structural_tests.rs test_no_cloning
RUST crystal_structural_tests.rs test_boltzmann_dof
RUST crystal_structural_tests.rs test_fermion_components
RUST crystal_structural_tests.rs test_lorentz_eq_chi
RUST crystal_structural_tests.rs test_poincare_eq_solvable
RUST crystal_structural_tests.rs bridge_01_casimir
RUST crystal_structural_tests.rs bridge_02_nfw
RUST crystal_structural_tests.rs bridge_03_kolmogorov
RUST crystal_structural_tests.rs bridge_04_phase_18
RUST crystal_structural_tests.rs bridge_05_codon_43
RUST crystal_structural_tests.rs bridge_06_lagrange
RUST crystal_structural_tests.rs bridge_07_lattice_lock
RUST crystal_structural_tests.rs bridge_08_carnot
RUST crystal_structural_tests.rs bridge_09_stefan_boltzmann
RUST crystal_structural_tests.rs bridge_10_h_bonds
RUST crystal_structural_tests.rs bridge_11_tetrahedral
RUST crystal_structural_tests.rs bridge_12_amino_acids
RUST crystal_structural_tests.rs bridge_13_codons
RUST crystal_structural_tests.rs bridge_14_tau_n
RUST crystal_structural_tests.rs bridge_15_algebra_dim
RUST crystal_structural_tests.rs mars_inverse_square
RUST crystal_structural_tests.rs mars_three_body_phase
RUST crystal_structural_tests.rs mars_von_karman
RUST crystal_structural_tests.rs mars_helix_residues
RUST crystal_structural_tests.rs mars_steane_code
RUST crystal_tests.rs test_crystal_constants
RUST crystal_tests.rs test_two_particles_is_algebra
RUST crystal_tests.rs test_entanglement_is_arrow
RUST crystal_tests.rs test_fermion_is_su4
RUST crystal_tests.rs test_ppt_decidable
RUST crystal_tests.rs test_gate_count
RUST crystal_tests.rs test_fock_limit
RUST crystal_tests.rs test_ladder_symmetric
RUST crystal_tests.rs test_interactions_duality
RUST crystal_tests.rs test_cnot_neutrino
RUST crystal_tests.rs test_max_entangled_entropy
RUST crystal_tests.rs test_hadamard_is_unitary
RUST crystal_tests.rs test_carnot_efficiency
RUST crystal_tests.rs test_stefan_boltzmann
RUST crystal_tests.rs test_thermal_conductivity
RUST crystal_tests.rs test_kolmogorov_spectrum
RUST crystal_tests.rs test_kolmogorov_microscale
RUST crystal_tests.rs test_von_karman
RUST crystal_tests.rs test_reynolds_critical
RUST crystal_tests.rs test_casimir
RUST crystal_tests.rs test_string_tension
RUST crystal_tests.rs test_asymptotic_freedom
RUST crystal_tests.rs test_confinement_heyting
RUST crystal_tests.rs test_dna_bases
RUST crystal_tests.rs test_codons
RUST crystal_tests.rs test_amino_acids
RUST crystal_tests.rs test_codon_signals
RUST crystal_tests.rs test_codon_redundancy
RUST crystal_tests.rs test_complexity_threshold
RUST crystal_tests.rs test_neutron_lifetime_correction
RUST crystal_tests.rs test_phi_boundary
RUST crystal_tests.rs test_golden_ratio_corrected
RUST crystal_tests.rs test_s_orbital
RUST crystal_tests.rs test_p_orbital
RUST crystal_tests.rs test_d_orbital
RUST crystal_tests.rs test_f_orbital
RUST crystal_tests.rs test_tetrahedral_angle
RUST crystal_tests.rs test_krypton_is_sigma_d
RUST crystal_tests.rs test_helix_turn
RUST crystal_tests.rs test_helix_rise
RUST crystal_tests.rs test_beta_sheet
RUST crystal_tests.rs test_at_hydrogen_bonds
RUST crystal_tests.rs test_gc_hydrogen_bonds
RUST crystal_tests.rs test_groove_ratio
RUST crystal_tests.rs test_lattice_lock
RUST crystal_tests.rs test_bcs_ratio
RUST crystal_tests.rs test_cooper_pair_singlet
RUST crystal_tests.rs test_zero_resistance
RUST crystal_tests.rs test_n_water_is_casimir
RUST crystal_tests.rs test_n_glass
RUST crystal_tests.rs test_codon_redundancy_is_d_plus_1
RUST crystal_tests.rs test_dark_matter_under_wall
RUST crystal_tests.rs test_diamond_corrected
RUST crystal_tests.rs audit_derivation_chain
RUST crystal_tests.rs audit_no_magic_numbers
RUST crystal_tests.rs test_lagrange_points
RUST crystal_tests.rs test_three_body_phase_space
RUST crystal_tests.rs test_three_body_decomposition
RUST crystal_tests.rs test_routh_ratio
RUST crystal_tests.rs test_bekenstein_area_quantum
RUST crystal_tests.rs test_proton_radius
RUST crystal_tests.rs test_rp_boundary
RUST crystal_tests.rs test_proton_radius_corrected
RUST crystal_tests.rs test_dm_baryon_ratio_corrected
RUST crystal_tests.rs test_dm_is_codons_over_colour
RUST crystal_tests.rs test_nfw_concentration
RUST crystal_tests.rs test_nfw_is_beta0
RUST crystal_tests.rs test_bridge_casimir_equals_water
RUST crystal_tests.rs test_bridge_beta0_equals_nfw
RUST crystal_tests.rs test_bridge_kolmogorov_algebraic
RUST crystal_tests.rs test_bridge_phase_decomposition
RUST crystal_tests.rs test_bridge_codons_dark_matter
RUST crystal_tests.rs test_bridge_lagrange_decomp
RUST crystal_tests.rs test_bridge_routh
RUST crystal_tests.rs test_bridge_lattice_lock
RUST crystal_tests.rs test_bridge_carnot
RUST crystal_tests.rs test_bridge_stefan_boltzmann
RUST crystal_tests.rs test_bridge_hydrogen_bonds
RUST crystal_tests.rs test_bridge_amino_acids
RUST crystal_tests.rs test_bridge_von_karman
RUST crystal_tests.rs test_bridge_endomorphisms
RUST crystal_tests.rs test_bridge_bcs_ratio
RUST crystal_tests.rs test_engineering_superconductor_ratio
RUST crystal_tests.rs test_engineering_jwst_stability
RUST crystal_tests.rs test_engineering_protein_geometry
RUST crystal_tests.rs test_engineering_refractive_indices
RUST crystal_tests.rs test_engineering_genetic_ecc
RUST_COUNT crystal_alpha_proton_tests.rs 28
RUST_COUNT crystal_discovery_tests.rs 33
RUST_COUNT crystal_hierarchy_tests.rs 41
RUST_COUNT crystal_noether_tests.rs 21
RUST_COUNT crystal_proton_radius_tests.rs 30
RUST_COUNT crystal_structural_tests.rs 36
RUST_COUNT crystal_tests.rs 87
# PYTHON PROOF MODULES
PYTHON crystal_alpha_proton_proof.py
PYTHON crystal_certificate_proof.py
PYTHON crystal_discoveries_proof.py
PYTHON crystal_hierarchy_proof.py
PYTHON crystal_noether_proof.py
PYTHON crystal_proton_radius_proof.py
PYTHON crystal_structural_proof.py
# SUMMARY COUNTS
TOTAL_LEAN_THEOREMS      584
TOTAL_AGDA_PROOFS      446
TOTAL_RUST_TESTS      276
TOTAL_HASKELL_MODULES        8
TOTAL_PYTHON_MODULES        7
